// Jest Snapshot v1, https://goo.gl/fbAQLP

exports[`renders 1`] = `
"<div class=\\"w-full h-full\\">
  <div class=\\"\\"></div>
</div>"
`;
